src/app/app/registrations/page.tsx(49,42): error TS2345: Argument of type '{ schoolId: string; fullName: string; gender: "╪░┘â╪▒" | "╪ث┘╪س┘ë"; birthDate: string; educationalLevel: string | undefined; guardianName: string | undefined; phone1: string; phone2: string | undefined; notes: string | undefined; status: "┘à╪▒╪┤╪ص"; }' is not assignable to parameter of type 'Omit<PreRegistration, "id" | "createdAt" | "updatedAt">'.
  Property 'requestedAt' is missing in type '{ schoolId: string; fullName: string; gender: "╪░┘â╪▒" | "╪ث┘╪س┘ë"; birthDate: string; educationalLevel: string | undefined; guardianName: string | undefined; phone1: string; phone2: string | undefined; notes: string | undefined; status: "┘à╪▒╪┤╪ص"; }' but required in type 'Omit<PreRegistration, "id" | "createdAt" | "updatedAt">'.
src/components/layout/SyncIndicator.tsx(61,19): error TS7053: Element implicitly has an 'any' type because expression of type 'any' can't be used to index type '{ idle: { icon: ForwardRefExoticComponent<Omit<LucideProps, "ref"> & RefAttributes<SVGSVGElement>>; label: string; color: string; bg: string; }; syncing: { ...; }; success: { ...; }; error: { ...; }; offline: { ...; }; }'.
src/lib/storage/mutations.ts(104,23): error TS2345: Argument of type '"surahProgress"' is not assignable to parameter of type 'SyncTable'.
